
> fraud-detection-frontend@0.1.0 test
> vitest --environment jsdom

node.exe : [33mThe CJS build of Vite's Node API is deprecated. See 
https://vite.dev/guide/troubleshooting.html#vite-cjs-node-api-deprecated for more details.[39m
At line:1 char:1
+ & "C:\Program Files\nodejs/node.exe" "C:\Users\seban\AppData\Roaming\ ...
+ ~~~~~~~~~~~~~~~~~~~~~~~~~~~~~~~~~~~~~~~~~~~~~~~~~~~~~~~~~~~~~~~~~~~~~
    + CategoryInfo          : NotSpecified: ([33mThe CJS bu...e details.[39m:String) [], RemoteException
    + FullyQualifiedErrorId : NativeCommandError
 

[7m[1m[34m DEV [39m[22m[27m [34mv0.34.6[39m [90mC:/Users/seban/Documents/GitHub/Sistema-GIS-La-Paz-Microservicios/ProtoPRgrado/frontend[39m

 [32mΓ£ô[39m tests/unit/test_settings.test.jsx [2m ([22m[2m1 test[22m[2m)[22m[90m 86[2mms[22m[39m
 [32mΓ£ô[39m tests/unit/test_model_evaluation.test.jsx [2m ([22m[2m1 test[22m[2m)[22m[90m 67[2mms[22m[39m
 [32mΓ£ô[39m tests/unit/test_models.test.jsx [2m ([22m[2m1 test[22m[2m)[22m[90m 74[2mms[22m[39m
 [32mΓ£ô[39m tests/unit/test_detection_config.test.jsx [2m ([22m[2m1 test[22m[2m)[22m[90m 117[2mms[22m[39m
[90mstderr[2m | tests/unit/test_detection_config.test.jsx[2m > [22m[2mDetection config validation[2m > 
[22m[2mprevents saving invalid threshold[22m[39m
Error: Not implemented: window.alert
    at module.exports (C:\Users\seban\Documents\GitHub\Sistema-GIS-La-Paz-Microservicios\ProtoPRgrado\frontend\node_m
odules\jsdom\lib\jsdom\browser\not-implemented.js:9:17)
    at C:\Users\seban\Documents\GitHub\Sistema-GIS-La-Paz-Microservicios\ProtoPRgrado\frontend\node_modules\jsdom\lib
\jsdom\browser\Window.js:897:7
    at save 
(C:\Users\seban\Documents\GitHub\Sistema-GIS-La-Paz-Microservicios\ProtoPRgrado\frontend\src\pages\Settings.jsx:23:7)
    at HTMLUnknownElement.callCallback (C:\Users\seban\Documents\GitHub\Sistema-GIS-La-Paz-Microservicios\ProtoPRgrad
o\frontend\node_modules\react-dom\cjs\react-dom.development.js:4164:14)
    at HTMLUnknownElement.callTheUserObjectsOperation (C:\Users\seban\Documents\GitHub\Sistema-GIS-La-Paz-Microservic
ios\ProtoPRgrado\frontend\node_modules\jsdom\lib\jsdom\living\generated\EventListener.js:26:30)
    at innerInvokeEventListeners (C:\Users\seban\Documents\GitHub\Sistema-GIS-La-Paz-Microservicios\ProtoPRgrado\fron
tend\node_modules\jsdom\lib\jsdom\living\events\EventTarget-impl.js:350:25)
    at invokeEventListeners (C:\Users\seban\Documents\GitHub\Sistema-GIS-La-Paz-Microservicios\ProtoPRgrado\frontend\
node_modules\jsdom\lib\jsdom\living\events\EventTarget-impl.js:286:3)
    at HTMLUnknownElementImpl._dispatch (C:\Users\seban\Documents\GitHub\Sistema-GIS-La-Paz-Microservicios\ProtoPRgra
do\frontend\node_modules\jsdom\lib\jsdom\living\events\EventTarget-impl.js:233:9)
    at HTMLUnknownElementImpl.dispatchEvent (C:\Users\seban\Documents\GitHub\Sistema-GIS-La-Paz-Microservicios\ProtoP
Rgrado\frontend\node_modules\jsdom\lib\jsdom\living\events\EventTarget-impl.js:104:17)
    at HTMLUnknownElement.dispatchEvent (C:\Users\seban\Documents\GitHub\Sistema-GIS-La-Paz-Microservicios\ProtoPRgra
do\frontend\node_modules\jsdom\lib\jsdom\living\generated\EventTarget.js:241:34) [90mundefined[39m

 [32mΓ£ô[39m tests/unit/components/test_sidebar.test.jsx [2m ([22m[2m1 test[22m[2m)[22m[90m 83[2mms[22m[39m
[90mstderr[2m | tests/unit/components/test_sidebar.test.jsx[2m > [22m[2mSidebar component[2m > 
[22m[2mrenders links[22m[39m
ΓÜá∩╕Å React Router Future Flag Warning: React Router will begin wrapping state updates in `React.startTransition` 
in v7. You can use the `v7_startTransition` future flag to opt-in early. For more information, see 
https://reactrouter.com/v6/upgrading/future#v7_starttransition.
ΓÜá∩╕Å React Router Future Flag Warning: Relative route resolution within Splat routes is changing in v7. You can 
use the `v7_relativeSplatPath` future flag to opt-in early. For more information, see 
https://reactrouter.com/v6/upgrading/future#v7_relativesplatpath.

 [32mΓ£ô[39m tests/unit/test_login.test.jsx [2m ([22m[2m1 test[22m[2m)[22m[90m 195[2mms[22m[39m
 [32mΓ£ô[39m src/tests/Dashboard.test.jsx [2m ([22m[2m1 test[22m[2m)[22m[90m 107[2mms[22m[39m
 [32mΓ£ô[39m tests/unit/test_api.test.js [2m ([22m[2m5 tests[22m[2m)[22m[90m 16[2mms[22m[39m
 [32mΓ£ô[39m tests/unit/test_users_view.test.jsx [2m ([22m[2m1 test[22m[2m)[22m[90m 35[2mms[22m[39m
 [32mΓ£ô[39m tests/unit/test_alerts.test.jsx [2m ([22m[2m1 test[22m[2m)[22m[90m 62[2mms[22m[39m
 [32mΓ£ô[39m tests/unit/test_batch_scoring.test.jsx [2m ([22m[2m1 test[22m[2m)[22m[90m 55[2mms[22m[39m
 [32mΓ£ô[39m tests/unit/components/test_kpicard.test.jsx [2m ([22m[2m1 test[22m[2m)[22m[90m 36[2mms[22m[39m
 [32mΓ£ô[39m tests/unit/components/test_table.test.jsx [2m ([22m[2m1 test[22m[2m)[22m[90m 46[2mms[22m[39m
 [33mΓ¥»[39m tests/unit/test_rules_alerts.test.jsx [2m ([22m[2m17 tests[22m [2m|[22m [31m1 failed[39m[2m)[22m[33m 3901[2mms[22m[39m
[31m   [33mΓ¥»[31m tests/unit/test_rules_alerts.test.jsx[2m > [22mRulesAlerts page[2m > [22mrenders metrics cards[39m
[31m     ΓåÆ expected false to be truthy

Ignored nodes: comments, script, style
[36m<html>[31m
  [36m<head />[31m
  [36m<body>[31m
    [36m<div>[31m
      [36m<div>[31m
        [36m<div[31m
          [33mclass[31m=[32m"header"[31m
        [36m>[31m
          [36m<h2>[31m
            [0mReglas y Alertas - Fase B[0m
          [36m</h2>[31m
          [36m<div[31m
            [33mstyle[31m=[32m"display: flex; gap: 8px;"[31m
          [36m>[31m
            [36m<button[31m
              [33mclass[31m=[32m"button"[31m
            [36m>[31m
              [0mRefrescar Runs[0m
            [36m</button>[31m
          [36m</div>[31m
        [36m</div>[31m
        [36m<div[31m
          [33mclass[31m=[32m"card"[31m
          [33mstyle[31m=[32m"background-color: rgb(254, 243, 199); border-left: 4px solid #f59e0b; padding: 12px;"[31m
        [36m>[31m
          [36m<strong>[31m
            [0mΓÜá∩╕Å Advertencia:[0m
          [36m</strong>[31m
          [0m Las alertas generadas no representan fraude confirmado. Requieren revisi├│n humana.[0m
        [36m</div>[31m
        [36m<div[31m
          [33mclass[31m=[32m"card"[31m
        [36m>[31m
          [36m<h3>[31m
            [0m1. Seleccionar Run de Preprocesamiento[0m
          [36m</h3>[31m
          [36m<div>[31m
            [36m<div[31m
              [33mstyle[31m=[32m"display: grid; grid-template-columns: repeat(4, 1fr); gap: 12px; margin-bottom: 12px;"[31m
            [36m>[31m
              [36m<div[31m
                [33mstyle[31m=[32m"padding: 12px; border: 2px solid #2563eb; border-radius: 8px; cursor: pointer; background-color: rgb(239, 246, 255);"[31m
              [36m>[31m
                [36m<div[31m
                  [33mstyle[31m=[32m"font-weight: bold;"[31m
                [36m>[31m
                  [0mRun [0m
                  [0m26[0m
                [36m</div>[31m
                [36m<div[31m
                  [33mstyle[31m=[32m"font-size: 12px; color: rgb(102, 102, 102);"[31m
                [36m>[31m
                  [0mpreprocessed_run_26.csv[0m
                [36m</div>[31m
                [36m<div[31m
                  [33mstyle[31m=[32m"font-size: 11px; color: rgb(153, 153, 153); margin-top: 4px;"[31m
                [36m>[31m
                  [0mTama├▒o: [0m
                  [0m47.68 MB[0m
                [36m</div>[31m
                [36m<div[31m
                  [33mstyle[31m=[32m"font-size: 11px; color: rgb(153, 153, 153);"[31m
                [36m>[31m
                  [0mAlertas: [0m
                  [0mS├¡[0m
                  [0m | Resumen: [0m
                  [0mS├¡[0m
                [36m</div>[31m
              [36m</div>[31m
            [36m</div>[31m
            [36m<table[31m
              [33mclass[31m=[32m"table"[31m
            [36m>[31m
              [36m<thead>[31m
                [36m<tr>[31m
                  [36m<th>[31m
                    [0mRun[0m
                  [36m</th>[31m
                  [36m<th>[31m
                    [0mArchivo[0m
                  [36m</th>[31m
                  [36m<th>[31m
                    [0mTama├▒o[0m
                  [36m</th>[31m
                  [36m<th>[31m
                    [0mFecha[0m
                  [36m</th>[31m
                  [36m<th>[31m
                    [0mAlertas[0m
                  [36m</th>[31m
                  [36m<th>[31m
                    [0mResumen[0m
                  [36m</th>[31m
                  [36m<th>[31m
                    [0mReporte[0m
                  [36m</th>[31m
                  [36m<th>[31m
                    [0mAcciones[0m
                  [36m</th>[31m
                [36m</tr>[31m
              [36m</thead>[31m
              [36m<tbody>[31m
                [36m<tr[31m
                  [33mstyle[31m=[32m"background-color: rgb(239, 246, 255);"[31m
                [36m>[31m
                  [36m<td>[31m
                    [0m26[0m
                  [36m</td>[31m
                  [36m<td>[31m
                    [0mpreprocessed_run_26.csv[0m
                  [36m</td>[31m
                  [36m<td>[31m
                    [0m47.68 MB[0m
                  [36m</td>[31m
                  [36m<td>[31m
                    [0m2026-05-29[0m
                  [36m</td>[31m
                  [36m<td>[31m
                    [0mΓ£ô[0m
                  [36m</td>[31m
                  [36m<td>[31m
                    [0mΓ£ô[0m
                  [36m</td>[31m
                  [36m<td>[31m
                    [0mΓ£ô[0m
                  [36m</td>[31m
                  [36m<td[31m
                    [33mstyle[31m=[32m"display: flex; gap: 8px;"[31m
                  [36m>[31m
                    [36m<button[31m
                      [33mclass[31m=[32m"button"[31m
                    [36m>[31m
                      [0mSeleccionar[0m
                    [36m</button>[31m
                    [36m<button[31m
                      [33mclass[31m=[32m"button"[31m
                    [36m>[31m
                      [0mVer Reporte[0m
                    [36m</button>[31m
                  [36m</td>[31m
                [36m</tr>[31m
              [36m</tbody>[31m
            [36m</table>[31m
          [36m</div>[31m
        [36m</div>[31m
        [36m<div[31m
          [33mclass[31m=[32m"card"[31m
        [36m>[31m
          [36m<h3>[31m
            [0m2. Analizar y Generar Alertas para Run [0m
            [0m26[0m
          [36m</h3>[31m
          [36m<p[31m
            [33mstyle[31m=[32m"font-size: 12px; color: rgb(102, 102, 102);"[31m
          [36m>[31m
            [0mEjecutar el motor de reglas en el preprocessed_run_[0m
            [0m26[0m
            [0m.csv para generar alertas detalladas y resumen agrupado.[0m
          [36m</p>[31m
          [36m<div[31m
            [33mstyle[31m=[32m"display: flex; gap: 8px;"[31m
          [36m>[31m
            [36m<button[31m
              [33mclass[31m=[32m"button"[31m
              [33mstyle[31m=[32m"background-color: rgb(37, 99, 235);"[31m
            [36m>[31m
              [0mAnalizar y Generar Alertas[0m
            [36m</button>[31m
            [36m<button[31m
              [33mclass[31m=[32m"button"[31m
              [33mstyle[31m=[32m"background-color: rgb(245, 158, 11);"[31m
            [36m>[31m
              [0mReprocesar (force=true)[0m
            [36m</button>[31m
          [36m</div>[31m
          [36m<div[31m
            [33mstyle[31m=[32m"margin-top: 12px; padding: 12px; background-color: rgb(240, 249, 255); border-radius: 6px; font-size: 14px;"[31m
          [36m>[31m
            [0mAn├ílisis de reglas completado correctamente.[0m
          [36m</div>[31m
        [36m</div>[31m
        [36m<div>[31m
          [36m<h3>[3...[39m

[31mΓÄ»ΓÄ»ΓÄ»ΓÄ»ΓÄ»ΓÄ»ΓÄ»[1m[7m Failed Tests 1 [27m[22mΓÄ»ΓÄ»ΓÄ»ΓÄ»ΓÄ»ΓÄ»ΓÄ»[39m

[31m[1m[7m FAIL [27m[22m[39m tests/unit/test_rules_alerts.test.jsx[2m > [22mRulesAlerts page[2m > 
[22mrenders metrics cards
[31m[1mAssertionError[22m[39m: expected false to be truthy

Ignored nodes: comments, script, style
[36m<html>[39m
  [36m<head />[39m
  [36m<body>[39m
    [36m<div>[39m
      [36m<div>[39m
        [36m<div[39m
          [33mclass[39m=[32m"header"[39m
        [36m>[39m
          [36m<h2>[39m
            [0mReglas y Alertas - Fase B[0m
          [36m</h2>[39m
          [36m<div[39m
            [33mstyle[39m=[32m"display: flex; gap: 8px;"[39m
          [36m>[39m
            [36m<button[39m
              [33mclass[39m=[32m"button"[39m
            [36m>[39m
              [0mRefrescar Runs[0m
            [36m</button>[39m
          [36m</div>[39m
        [36m</div>[39m
        [36m<div[39m
          [33mclass[39m=[32m"card"[39m
          [33mstyle[39m=[32m"background-color: rgb(254, 243, 199); border-left: 4px solid #f59e0b; padding: 
12px;"[39m
        [36m>[39m
          [36m<strong>[39m
            [0mΓÜá∩╕Å Advertencia:[0m
          [36m</strong>[39m
          [0m Las alertas generadas no representan fraude confirmado. Requieren revisi├│n humana.[0m
        [36m</div>[39m
        [36m<div[39m
          [33mclass[39m=[32m"card"[39m
        [36m>[39m
          [36m<h3>[39m
            [0m1. Seleccionar Run de Preprocesamiento[0m
          [36m</h3>[39m
          [36m<div>[39m
            [36m<div[39m
              [33mstyle[39m=[32m"display: grid; grid-template-columns: repeat(4, 1fr); gap: 12px; margin-bottom: 
12px;"[39m
            [36m>[39m
              [36m<div[39m
                [33mstyle[39m=[32m"padding: 12px; border: 2px solid #2563eb; border-radius: 8px; cursor: pointer; 
background-color: rgb(239, 246, 255);"[39m
              [36m>[39m
                [36m<div[39m
                  [33mstyle[39m=[32m"font-weight: bold;"[39m
                [36m>[39m
                  [0mRun [0m
                  [0m26[0m
                [36m</div>[39m
                [36m<div[39m
                  [33mstyle[39m=[32m"font-size: 12px; color: rgb(102, 102, 102);"[39m
                [36m>[39m
                  [0mpreprocessed_run_26.csv[0m
                [36m</div>[39m
                [36m<div[39m
                  [33mstyle[39m=[32m"font-size: 11px; color: rgb(153, 153, 153); margin-top: 4px;"[39m
                [36m>[39m
                  [0mTama├▒o: [0m
                  [0m47.68 MB[0m
                [36m</div>[39m
                [36m<div[39m
                  [33mstyle[39m=[32m"font-size: 11px; color: rgb(153, 153, 153);"[39m
                [36m>[39m
                  [0mAlertas: [0m
                  [0mS├¡[0m
                  [0m | Resumen: [0m
                  [0mS├¡[0m
                [36m</div>[39m
              [36m</div>[39m
            [36m</div>[39m
            [36m<table[39m
              [33mclass[39m=[32m"table"[39m
            [36m>[39m
              [36m<thead>[39m
                [36m<tr>[39m
                  [36m<th>[39m
                    [0mRun[0m
                  [36m</th>[39m
                  [36m<th>[39m
                    [0mArchivo[0m
                  [36m</th>[39m
                  [36m<th>[39m
                    [0mTama├▒o[0m
                  [36m</th>[39m
                  [36m<th>[39m
                    [0mFecha[0m
                  [36m</th>[39m
                  [36m<th>[39m
                    [0mAlertas[0m
                  [36m</th>[39m
                  [36m<th>[39m
                    [0mResumen[0m
                  [36m</th>[39m
                  [36m<th>[39m
                    [0mReporte[0m
                  [36m</th>[39m
                  [36m<th>[39m
                    [0mAcciones[0m
                  [36m</th>[39m
                [36m</tr>[39m
              [36m</thead>[39m
              [36m<tbody>[39m
                [36m<tr[39m
                  [33mstyle[39m=[32m"background-color: rgb(239, 246, 255);"[39m
                [36m>[39m
                  [36m<td>[39m
                    [0m26[0m
                  [36m</td>[39m
                  [36m<td>[39m
                    [0mpreprocessed_run_26.csv[0m
                  [36m</td>[39m
                  [36m<td>[39m
                    [0m47.68 MB[0m
                  [36m</td>[39m
                  [36m<td>[39m
                    [0m2026-05-29[0m
                  [36m</td>[39m
                  [36m<td>[39m
                    [0mΓ£ô[0m
                  [36m</td>[39m
                  [36m<td>[39m
                    [0mΓ£ô[0m
                  [36m</td>[39m
                  [36m<td>[39m
                    [0mΓ£ô[0m
                  [36m</td>[39m
                  [36m<td[39m
                    [33mstyle[39m=[32m"display: flex; gap: 8px;"[39m
                  [36m>[39m
                    [36m<button[39m
                      [33mclass[39m=[32m"button"[39m
                    [36m>[39m
                      [0mSeleccionar[0m
                    [36m</button>[39m
                    [36m<button[39m
                      [33mclass[39m=[32m"button"[39m
                    [36m>[39m
                      [0mVer Reporte[0m
                    [36m</button>[39m
                  [36m</td>[39m
                [36m</tr>[39m
              [36m</tbody>[39m
[2m Test Files [22m [1m[31m1 failed[39m[22m[2m | [22m[1m[32m13 passed[39m[22m[90m (14)[39m
[2m      Tests [22m [1m[31m1 failed[39m[22m[2m | [22m[1m[32m33 passed[39m[22m[90m (34)[39m
[2m   Start at [22m 01:43:57
[2m   Duration [22m 7.27s[2m (transform 1.11s, setup 2ms, collect 10.20s, tests 4.88s, environment 25.67s, prepare 3.48s)[22m


[1m[7m[31m FAIL [39m[27m[22m[31m Tests failed. Watching for file changes...[39m
       [2mpress [22m[1mh[22m[2m to show help[22m[2m, [22m[2mpress [22m[1mq[22m[2m to quit[22m
            [36m</table>[39m
          [36m</div>[39m
        [36m</div>[39m
        [36m<div[39m
          [33mclass[39m=[32m"card"[39m
        [36m>[39m
          [36m<h3>[39m
            [0m2. Analizar y Generar Alertas para Run [0m
            [0m26[0m
          [36m</h3>[39m
          [36m<p[39m
            [33mstyle[39m=[32m"font-size: 12px; color: rgb(102, 102, 102);"[39m
          [36m>[39m
            [0mEjecutar el motor de reglas en el preprocessed_run_[0m
            [0m26[0m
            [0m.csv para generar alertas detalladas y resumen agrupado.[0m
          [36m</p>[39m
          [36m<div[39m
            [33mstyle[39m=[32m"display: flex; gap: 8px;"[39m
          [36m>[39m
            [36m<button[39m
              [33mclass[39m=[32m"button"[39m
              [33mstyle[39m=[32m"background-color: rgb(37, 99, 235);"[39m
            [36m>[39m
              [0mAnalizar y Generar Alertas[0m
            [36m</button>[39m
            [36m<button[39m
              [33mclass[39m=[32m"button"[39m
              [33mstyle[39m=[32m"background-color: rgb(245, 158, 11);"[39m
            [36m>[39m
              [0mReprocesar (force=true)[0m
            [36m</button>[39m
          [36m</div>[39m
          [36m<div[39m
            [33mstyle[39m=[32m"margin-top: 12px; padding: 12px; background-color: rgb(240, 249, 255); 
border-radius: 6px; font-size: 14px;"[39m
          [36m>[39m
            [0mAn├ílisis de reglas completado correctamente.[0m
          [36m</div>[39m
        [36m</div>[39m
        [36m<div>[39m
          [36m<h3>[3...
[36m [2mΓ¥»[22m waitFor.timeout tests/unit/test_rules_alerts.test.jsx:[2m155:46[22m[39m
    [90m153| [39m    await waitFor(() => {
    [90m154| [39m      const metricsValue = screen.queryAllByText(/73377/)
    [90m155| [39m      return expect(metricsValue.length > 0).toBeTruthy()
    [90m   | [39m                                             [31m^[39m
    [90m156| [39m    }, { timeout: 3000 })
    [90m157| [39m  })
[90m [2mΓ¥»[22m runWithExpensiveErrorDiagnosticsDisabled 
node_modules/@testing-library/dom/dist/config.js:[2m47:12[22m[39m
[90m [2mΓ¥»[22m checkCallback node_modules/@testing-library/dom/dist/wait-for.js:[2m124:77[22m[39m
[90m [2mΓ¥»[22m Timeout.checkRealTimersCallback 
node_modules/@testing-library/dom/dist/wait-for.js:[2m118:16[22m[39m

[31m[2mΓÄ»ΓÄ»ΓÄ»ΓÄ»ΓÄ»ΓÄ»ΓÄ»ΓÄ»ΓÄ»ΓÄ»ΓÄ»ΓÄ»ΓÄ»ΓÄ»ΓÄ»ΓÄ»ΓÄ»ΓÄ»ΓÄ»ΓÄ»ΓÄ»ΓÄ»ΓÄ»ΓÄ»[1/1]ΓÄ»[22m[39m

