
=================================== ERRORS ====================================
_____________________ ERROR collecting backend/app/tests ______________________
C:\Python311\Lib\importlib\__init__.py:126: in import_module
    return _bootstrap._gcd_import(name[level:], package, level)
           ^^^^^^^^^^^^^^^^^^^^^^^^^^^^^^^^^^^^^^^^^^^^^^^^^^^^
<frozen importlib._bootstrap>:1204: in _gcd_import
    ???
<frozen importlib._bootstrap>:1176: in _find_and_load
    ???
<frozen importlib._bootstrap>:1147: in _find_and_load_unlocked
    ???
<frozen importlib._bootstrap>:690: in _load_unlocked
    ???
.venv\Lib\site-packages\_pytest\assertion\rewrite.py:197: in exec_module
    exec(co, module.__dict__)
backend\app\tests\conftest.py:6: in <module>
    from backend.app.database import Base
E   ModuleNotFoundError: No module named 'backend'
=========================== short test summary info ===========================
ERROR backend/app/tests - ModuleNotFoundError: No module named 'backend'
!!!!!!!!!!!!!!!!!!!!!!!!!! stopping after 1 failures !!!!!!!!!!!!!!!!!!!!!!!!!!
1 error in 0.55s
